
=== Test 1: Friday + consecutive losses produces a detected pattern ===
  PASS: A Friday + losses pattern was detected
  PASS: Pattern meets minimum sample size (>=5)
  PASS: Pattern has a confidence score

=== Test 2: AI receives behavioral patterns as context ===

=== Test 3: No patterns from insufficient data ===
  PASS: No patterns surfaced with < minimum sample size

=== Test 4: Discipline Context Analyzer computes behavioral context ===
  PASS: Captures previous trade result
  PASS: Captures consecutive losses
  PASS: Captures daily P/L before trade
  PASS: Detects oversized position

=== Test 5: Oversized-after-loss pattern detection ===
  PASS: Oversized-after-loss pattern detected with sufficient sample
  PASS: AI interpretation provides a 'what' explanation
  PASS: AI interpretation provides 'whyItMatters'
  PASS: AI interpretation provides 'actionableImprovement'

=== RESULTS: 12 passed, 0 failed ===
